[INFO] Scanning for projects...
[INFO] 
[INFO] --------------------< com.example:chat-app-backend >--------------------
[INFO] Building chat-app-backend 0.0.1-SNAPSHOT
[INFO]   from pom.xml
[INFO] --------------------------------[ jar ]---------------------------------
[INFO] 
[INFO] >>> spring-boot:3.3.4:run (default-cli) > test-compile @ chat-app-backend >>>
[INFO] 
[INFO] --- resources:3.3.1:resources (default-resources) @ chat-app-backend ---
[INFO] Copying 3 resources from src/main/resources to target/classes
[INFO] Copying 5 resources from src/main/resources to target/classes
[INFO] 
[INFO] --- compiler:3.13.0:compile (default-compile) @ chat-app-backend ---
[INFO] Recompiling the module because of changed source code.
[INFO] Compiling 109 source files with javac [debug parameters release 17] to target/classes
[INFO] 
[INFO] --- resources:3.3.1:testResources (default-testResources) @ chat-app-backend ---
[INFO] Copying 1 resource from src/test/resources to target/test-classes
[INFO] 
[INFO] --- compiler:3.13.0:testCompile (default-testCompile) @ chat-app-backend ---
[INFO] Recompiling the module because of changed dependency.
[INFO] Compiling 2 source files with javac [debug parameters release 17] to target/test-classes
[INFO] 
[INFO] <<< spring-boot:3.3.4:run (default-cli) < test-compile @ chat-app-backend <<<
[INFO] 
[INFO] 
[INFO] --- spring-boot:3.3.4:run (default-cli) @ chat-app-backend ---
[INFO] Attaching agents: []

  .   ____          _            __ _ _
 /\\ / ___'_ __ _ _(_)_ __  __ _ \ \ \ \
( ( )\___ | '_ | '_| | '_ \/ _` | \ \ \ \
 \\/  ___)| |_)| | | | | || (_| |  ) ) ) )
  '  |____| .__|_| |_|_| |_\__, | / / / /
 =========|_|==============|___/=/_/_/_/

 :: Spring Boot ::                (v3.3.4)

2026-10-07T14:21:51.423+05:30  INFO 3396 --- [chat-app-backend] [           main] c.e.c.ChatAppBackendApplication          : Starting ChatAppBackendApplication using Java 21.0.12.1 with PID 3396 (/Users/Shared/chat-app-backend/target/classes started by faisin in /Users/Shared/chat-app-backend)
2026-10-07T14:21:51.425+05:30  INFO 3396 --- [chat-app-backend] [           main] c.e.c.ChatAppBackendApplication          : The following 1 profile is active: "dev"
2026-10-07T14:21:53.451+05:30  INFO 3396 --- [chat-app-backend] [           main] .s.d.r.c.RepositoryConfigurationDelegate : Bootstrapping Spring Data JPA repositories in DEFAULT mode.
2026-10-07T14:21:53.571+05:30  INFO 3396 --- [chat-app-backend] [           main] .s.d.r.c.RepositoryConfigurationDelegate : Finished Spring Data repository scanning in 107 ms. Found 8 JPA repository interfaces.
2026-10-07T14:21:54.895+05:30  INFO 3396 --- [chat-app-backend] [           main] o.s.b.w.embedded.tomcat.TomcatWebServer  : Tomcat initialized with port 8080 (http)
2026-10-07T14:21:54.917+05:30  INFO 3396 --- [chat-app-backend] [           main] o.apache.catalina.core.StandardService   : Starting service [Tomcat]
2026-10-07T14:21:54.917+05:30  INFO 3396 --- [chat-app-backend] [           main] o.apache.catalina.core.StandardEngine    : Starting Servlet engine: [Apache Tomcat/10.1.30]
2026-10-07T14:21:55.038+05:30  INFO 3396 --- [chat-app-backend] [           main] o.a.c.c.C.[Tomcat].[localhost].[/]       : Initializing Spring embedded WebApplicationContext
2026-10-07T14:21:55.039+05:30  INFO 3396 --- [chat-app-backend] [           main] w.s.c.ServletWebServerApplicationContext : Root WebApplicationContext: initialization completed in 3569 ms
2026-10-07T14:21:55.695+05:30  INFO 3396 --- [chat-app-backend] [           main] com.zaxxer.hikari.HikariDataSource       : HikariPool-1 - Starting...
2026-10-07T14:22:02.368+05:30  INFO 3396 --- [chat-app-backend] [           main] com.zaxxer.hikari.HikariDataSource       : HikariPool-1 - Starting...
2026-10-07T14:22:09.069+05:30  INFO 3396 --- [chat-app-backend] [           main] com.zaxxer.hikari.HikariDataSource       : HikariPool-1 - Starting...
2026-10-07T14:22:15.048+05:30  INFO 3396 --- [chat-app-backend] [           main] com.zaxxer.hikari.HikariDataSource       : HikariPool-1 - Starting...
2026-10-07T14:22:21.057+05:30  INFO 3396 --- [chat-app-backend] [           main] com.zaxxer.hikari.HikariDataSource       : HikariPool-1 - Starting...
2026-10-07T14:22:27.226+05:30  INFO 3396 --- [chat-app-backend] [           main] com.zaxxer.hikari.HikariDataSource       : HikariPool-1 - Starting...
2026-10-07T14:22:33.501+05:30 ERROR 3396 --- [chat-app-backend] [           main] o.s.b.web.embedded.tomcat.TomcatStarter  : Error starting Tomcat context. Exception: org.springframework.beans.factory.UnsatisfiedDependencyException. Message: Error creating bean with name 'webSecurityConfig': Unsatisfied dependency expressed through field 'userDetailsService': Error creating bean with name 'userDetailsServiceImpl': Unsatisfied dependency expressed through field 'userRepository': Error creating bean with name 'userRepository' defined in com.example.chat_app_backend.repository.UserRepository defined in @EnableJpaRepositories declared on JpaRepositoriesRegistrar.EnableJpaRepositoriesConfiguration: Cannot resolve reference to bean 'jpaSharedEM_entityManagerFactory' while setting bean property 'entityManager'
2026-10-07T14:22:33.558+05:30  WARN 3396 --- [chat-app-backend] [           main] ConfigServletWebServerApplicationContext : Exception encountered during context initialization - cancelling refresh attempt: org.springframework.context.ApplicationContextException: Unable to start web server
